Microchip MPLAB XC8 Compiler V1.44 ()

Linker command line:

-W-3 --edf=/opt/microchip/xc8/v1.44/dat/en_msgs.txt -cs \
  -h+dist/default/production/Invernadero.X.production.sym \
  --cmf=dist/default/production/Invernadero.X.production.cmf -z -Q16F886 \
  -o/tmp/xcXsDc19A -Mdist/default/production/Invernadero.X.production.map \
  -E1 -ver=XC8 -ASTACK=0110h-016fh -pstack=STACK -ACODE=00h-07FFhx4 \
  -ASTRCODE=00h-01FFFh -ASTRING=00h-0FFhx32 -ACONST=00h-0FFhx32 \
  -AENTRY=00h-0FFhx32 -ACOMMON=070h-07Fh -ABANK0=020h-06Fh \
  -ABANK1=0A0h-0EFh -ABANK2=0110h-016Fh -ABANK3=0190h-01EFh \
  -ARAM=020h-06Fh,0A0h-0EFh,0110h-016Fh,0190h-01EFh \
  -AABS1=020h-07Fh,0A0h-0EFh,0110h-016Fh,0190h-01EFh -ASFR0=00h-01Fh \
  -ASFR1=080h-09Fh -ASFR2=0100h-010Fh -ASFR3=0180h-018Fh \
  -preset_vec=00h,intentry=04h,init,end_init -ppowerup=CODE -pcinit=CODE \
  -pfunctab=ENTRY -ACONFIG=02007h-02008h -pconfig=CONFIG -DCONFIG=2 \
  -AIDLOC=02000h-02003h -pidloc=IDLOC -DIDLOC=2 -AEEDATA=00h-0FFh/02100h \
  -peeprom_data=EEDATA -DEEDATA=2 -DCODE=2 -DSTRCODE=2 -DSTRING=2 -DCONST=2 \
  -DENTRY=2 -k /tmp/xcXWJQ7PJ.obj \
  dist/default/production/Invernadero.X.production.obj 

Object code version is 3.11

Machine type is 16F886



                Name                               Link     Load   Length Selector   Space Scale
/tmp/xcXWJQ7PJ.obj
                end_init                             12       12        3        8       0
                reset_vec                             0        0        3        0       0
dist/default/production/Invernadero.X.production.obj
                cinit                                15       15       17        8       0
                intentry                              4        4        E        8       0
                text7                               149      149        F        8       0
                text6                               13A      13A        F        8       0
                text5                                D1       D1       30        8       0
                text4                               122      122       18        8       0
                text3                                2C       2C       5B        8       0
                text2                                87       87       4A        8       0
                text1                               158      158        D        8       0
                maintext                            101      101       21        8       0
                cstackBANK0                          20       20        B       20       1
                cstackCOMMON                         77       77        6       70       1
                dataBANK0                            33       33        1       20       1
                bssBANK0                             2B       2B        8       20       1
                bssCOMMON                            70       70        7       70       1
                idataBANK0                          165      165        1        8       0

TOTAL           Name                               Link     Load   Length     Space
        CLASS   STACK          

        CLASS   CODE           
                end_init                             12       12        3         0
                cinit                                15       15       17         0
                intentry                              4        4        E         0
                reset_vec                             0        0        3         0
                text7                               149      149        F         0
                text6                               13A      13A        F         0
                text5                                D1       D1       30         0
                text4                               122      122       18         0
                text3                                2C       2C       5B         0
                text2                                87       87       4A         0
                text1                               158      158        D         0
                maintext                            101      101       21         0
                idataBANK0                          165      165        1         0

        CLASS   STRCODE        

        CLASS   STRING         

        CLASS   CONST          

        CLASS   ENTRY          

        CLASS   COMMON         
                cstackCOMMON                         77       77        6         1
                bssCOMMON                            70       70        7         1

        CLASS   BANK0          
                cstackBANK0                          20       20        B         1
                dataBANK0                            33       33        1         1
                bssBANK0                             2B       2B        8         1

        CLASS   BANK1          

        CLASS   BANK2          

        CLASS   BANK3          

        CLASS   RAM            

        CLASS   ABS1           
                abs_s1                               7E       7E        2         1

        CLASS   SFR0           

        CLASS   SFR1           

        CLASS   SFR2           

        CLASS   SFR3           

        CLASS   CONFIG         

        CLASS   IDLOC          

        CLASS   EEDATA         



SEGMENTS        Name                           Load    Length   Top    Selector   Space  Class     Delta

                reset_vec                      000000  000003  000003         0       0  CODE        2
                intentry                       000004  000162  000166         8       0  CODE        2
                cstackBANK0                    000020  000014  000034        20       1  BANK0       1
                bssCOMMON                      000070  00000D  00007D        70       1  COMMON      1


UNUSED ADDRESS RANGES

        Name                Unused          Largest block    Delta
        BANK0            034-06F            3C           1
        BANK1            0A0-0EF            50           1
        BANK2            110-16F            60           1
        BANK3            190-1EF            60           1
        CODE             003-003             1           2
                         166-1FFF           800
        COMMON           07D-07D             1           1
        CONFIG           2007-2008             2           2
        CONST            003-003             1           2
                         166-1FFF           100
        EEDATA           2100-21FF           100           2
        ENTRY            003-003             1           2
                         166-1FFF           100
        IDLOC            2000-2003             4           2
        RAM              034-06F            3C           1
                         0A0-0EF            50
                         110-16F            60
                         190-1EF            60
        SFR0             000-01F            20           1
        SFR1             080-09F            20           1
        SFR2             100-10F            10           1
        SFR3             180-18F            10           1
        STACK            110-16F            60           1
        STRCODE          003-003             1           2
                         166-1FFF          1E9A
        STRING           003-003             1           2
                         166-1FFF           100

                                  Symbol Table

?___awdiv                 cstackBANK0  020
_ADCON0bits               (abs)        01F
_ADRESH                   (abs)        01E
_ADRESL                   (abs)        09E
_ANSEL                    (abs)        188
_ANSELH                   (abs)        189
_INTCONbits               (abs)        00B
_OPTION_REGbits           (abs)        081
_T0SE                     (abs)        40C
_TMR0                     (abs)        001
_TRISA                    (abs)        085
_TRISB                    (abs)        086
__Habs1                   abs1         000
__Hbank0                  bank0        000
__Hbank1                  bank1        000
__Hbank2                  bank2        000
__Hbank3                  bank3        000
__HbssBANK0               bssBANK0     000
__HbssCOMMON              bssCOMMON    000
__Hcinit                  cinit        02C
__Hclrtext                clrtext      000
__Hcode                   code         000
__Hcommon                 common       000
__Hconfig                 config       000
__HcstackBANK0            cstackBANK0  000
__HcstackCOMMON           cstackCOMMON 000
__HdataBANK0              dataBANK0    000
__Heeprom_data            eeprom_data  000
__Hend_init               end_init     015
__Hfunctab                functab      000
__HidataBANK0             idataBANK0   000
__Hidloc                  idloc        000
__Hinit                   init         012
__Hintentry               intentry     012
__Hmaintext               maintext     000
__Hpowerup                powerup      000
__Hram                    ram          000
__Hreset_vec              reset_vec    003
__Hsfr0                   sfr0         000
__Hsfr1                   sfr1         000
__Hsfr2                   sfr2         000
__Hsfr3                   sfr3         000
__Hspace_0                (abs)        166
__Hspace_1                (abs)        07D
__Hspace_2                (abs)        000
__Hspace_3                (abs)        000
__Hstack                  stack        000
__Hstrings                strings      000
__Htext                   text         000
__Labs1                   abs1         000
__Lbank0                  bank0        000
__Lbank1                  bank1        000
__Lbank2                  bank2        000
__Lbank3                  bank3        000
__LbssBANK0               bssBANK0     000
__LbssCOMMON              bssCOMMON    000
__Lcinit                  cinit        015
__Lclrtext                clrtext      000
__Lcode                   code         000
__Lcommon                 common       000
__Lconfig                 config       000
__LcstackBANK0            cstackBANK0  000
__LcstackCOMMON           cstackCOMMON 000
__LdataBANK0              dataBANK0    000
__Leeprom_data            eeprom_data  000
__Lend_init               end_init     012
__Lfunctab                functab      000
__LidataBANK0             idataBANK0   000
__Lidloc                  idloc        000
__Linit                   init         012
__Lintentry               intentry     004
__Lmaintext               maintext     000
__Lpowerup                powerup      000
__Lram                    ram          000
__Lreset_vec              reset_vec    000
__Lsfr0                   sfr0         000
__Lsfr1                   sfr1         000
__Lsfr2                   sfr2         000
__Lsfr3                   sfr3         000
__Lspace_0                (abs)        000
__Lspace_1                (abs)        000
__Lspace_2                (abs)        000
__Lspace_3                (abs)        000
__Lstack                  stack        000
__Lstrings                strings      000
__Ltext                   text         000
__S0                      (abs)        166
__S1                      (abs)        07D
__S2                      (abs)        000
__S3                      (abs)        000
___awdiv                  text3        02C
___awdiv@counter          cstackBANK0  025
___awdiv@dividend         cstackBANK0  022
___awdiv@divisor          cstackBANK0  020
___awdiv@quotient         cstackBANK0  027
___awdiv@sign             cstackBANK0  026
___int_sp                 stack        000
___latbits                (abs)        002
___sp                     stack        000
__end_of___awdiv          text3        087
__end_of__initialization  cinit        028
__end_of_check_t_changes  text7        158
__end_of_check_t_voltage  text4        13A
__end_of_init_timer       text5        101
__end_of_main             maintext     122
__end_of_t_bolt_value     text2        0D1
__end_of_t_set            text6        149
__end_of_timer_value_set  text1        165
__initialization          cinit        015
__pbssBANK0               bssBANK0     02B
__pbssCOMMON              bssCOMMON    070
__pcstackBANK0            cstackBANK0  020
__pcstackCOMMON           cstackCOMMON 077
__pdataBANK0              dataBANK0    033
__pidataBANK0             idataBANK0   165
__pintentry               intentry     004
__pmaintext               maintext     101
__ptext1                  text1        158
__ptext2                  text2        087
__ptext3                  text3        02C
__ptext4                  text4        122
__ptext5                  text5        0D1
__ptext6                  text6        13A
__ptext7                  text7        149
__size_of___awdiv         (abs)        000
__size_of_check_t_changes (abs)        000
__size_of_check_t_voltage (abs)        000
__size_of_init_timer      (abs)        000
__size_of_main            (abs)        000
__size_of_t_bolt_value    (abs)        000
__size_of_t_set           (abs)        000
__size_of_timer_value_set (abs)        000
_adc_val                  bssBANK0     031
_check_t_changes          text7        149
_check_t_voltage          text4        122
_init_timer               text5        0D1
_main                     maintext     101
_millibolts               bssBANK0     02D
_millibolts_aux           bssCOMMON    070
_t_actual                 bssCOMMON    072
_t_ant                    bssBANK0     02F
_t_bolt_value             text2        087
_t_change_user            bssCOMMON    075
_t_set                    text6        13A
_t_sys_cont               bssBANK0     02B
_t_sys_switch             dataBANK0    033
_t_sys_update             bssCOMMON    074
_timer_value_set          text1        158
btemp                     (abs)        07E
end_of_initialization     cinit        028
interrupt_function        intentry     004
intlevel0                 functab      000
intlevel1                 functab      000
intlevel2                 functab      000
intlevel3                 functab      000
intlevel4                 functab      000
intlevel5                 functab      000
reset_vec                 reset_vec    000
saved_w                   (abs)        07E
stackhi                   (abs)        000
stacklo                   (abs)        000
start                     init         012
start_initialization      cinit        015
t_set@t_next              cstackCOMMON 077
wtemp0                    (abs)        07E


FUNCTION INFORMATION:

 *************** function _main *****************
 Defined at:
		line 132 in file "Sensor.c"
 Parameters:    Size  Location     Type
		None
 Auto vars:     Size  Location     Type
		None
 Return value:  Size  Location     Type
                  1    wreg      void 
 Registers used:
		wreg, status,2, status,0, btemp+1, pclath, cstack
 Tracked objects:
		On entry : 
		On exit  : 
		Unchanged: 
 Data sizes:     COMMON   BANK0   BANK1   BANK3   BANK2
      Params:         0       0       0       0       0
      Locals:         0       0       0       0       0
      Temps:          0       0       0       0       0
      Totals:         0       0       0       0       0
Total ram usage:        0 bytes
 Hardware stack levels required when called:    4
 This function calls:
		_check_t_voltage
		_t_bolt_value
		_timer_value_set
 This function is called by:
		Startup code after reset
 This function uses a non-reentrant model


 *************** function _timer_value_set *****************
 Defined at:
		line 113 in file "Sensor.c"
 Parameters:    Size  Location     Type
		None
 Auto vars:     Size  Location     Type
		None
 Return value:  Size  Location     Type
                  1    wreg      void 
 Registers used:
		wreg, status,2, status,0
 Tracked objects:
		On entry : 
		On exit  : 
		Unchanged: 
 Data sizes:     COMMON   BANK0   BANK1   BANK3   BANK2
      Params:         0       0       0       0       0
      Locals:         0       0       0       0       0
      Temps:          0       0       0       0       0
      Totals:         0       0       0       0       0
Total ram usage:        0 bytes
 Hardware stack levels used:    1
 Hardware stack levels required when called:    2
 This function calls:
		Nothing
 This function is called by:
		_main
 This function uses a non-reentrant model


 *************** function _t_bolt_value *****************
 Defined at:
		line 65 in file "Sensor.c"
 Parameters:    Size  Location     Type
		None
 Auto vars:     Size  Location     Type
		None
 Return value:  Size  Location     Type
                  1    wreg      void 
 Registers used:
		wreg, status,2, status,0, btemp+1, pclath, cstack
 Tracked objects:
		On entry : 
		On exit  : 
		Unchanged: 
 Data sizes:     COMMON   BANK0   BANK1   BANK3   BANK2
      Params:         0       0       0       0       0
      Locals:         0       0       0       0       0
      Temps:          0       2       0       0       0
      Totals:         0       2       0       0       0
Total ram usage:        2 bytes
 Hardware stack levels used:    1
 Hardware stack levels required when called:    3
 This function calls:
		___awdiv
 This function is called by:
		_main
 This function uses a non-reentrant model


 *************** function ___awdiv *****************
 Defined at:
		line 6 in file "/opt/microchip/xc8/v1.44/sources/common/awdiv.c"
 Parameters:    Size  Location     Type
  divisor         2    0[BANK0 ] int 
  dividend        2    2[BANK0 ] int 
 Auto vars:     Size  Location     Type
  quotient        2    7[BANK0 ] int 
  sign            1    6[BANK0 ] unsigned char 
  counter         1    5[BANK0 ] unsigned char 
 Return value:  Size  Location     Type
                  2    0[BANK0 ] int 
 Registers used:
		wreg, status,2, status,0
 Tracked objects:
		On entry : 
		On exit  : 
		Unchanged: 
 Data sizes:     COMMON   BANK0   BANK1   BANK3   BANK2
      Params:         0       4       0       0       0
      Locals:         0       4       0       0       0
      Temps:          0       1       0       0       0
      Totals:         0       9       0       0       0
Total ram usage:        9 bytes
 Hardware stack levels used:    1
 Hardware stack levels required when called:    2
 This function calls:
		Nothing
 This function is called by:
		_t_bolt_value
 This function uses a non-reentrant model


 *************** function _check_t_voltage *****************
 Defined at:
		line 50 in file "Sensor.c"
 Parameters:    Size  Location     Type
		None
 Auto vars:     Size  Location     Type
		None
 Return value:  Size  Location     Type
                  1    wreg      void 
 Registers used:
		wreg, status,2, btemp+1
 Tracked objects:
		On entry : 
		On exit  : 
		Unchanged: 
 Data sizes:     COMMON   BANK0   BANK1   BANK3   BANK2
      Params:         0       0       0       0       0
      Locals:         0       0       0       0       0
      Temps:          0       0       0       0       0
      Totals:         0       0       0       0       0
Total ram usage:        0 bytes
 Hardware stack levels used:    1
 Hardware stack levels required when called:    2
 This function calls:
		Nothing
 This function is called by:
		_main
 This function uses a non-reentrant model


 *************** function _init_timer *****************
 Defined at:
		line 97 in file "Sensor.c"
 Parameters:    Size  Location     Type
		None
 Auto vars:     Size  Location     Type
		None
 Return value:  Size  Location     Type
                  1    wreg      void 
 Registers used:
		wreg, status,2, status,0, pclath, cstack
 Tracked objects:
		On entry : 
		On exit  : 
		Unchanged: 
 Data sizes:     COMMON   BANK0   BANK1   BANK3   BANK2
      Params:         0       0       0       0       0
      Locals:         0       0       0       0       0
      Temps:          4       0       0       0       0
      Totals:         4       0       0       0       0
Total ram usage:        4 bytes
 Hardware stack levels used:    1
 Hardware stack levels required when called:    1
 This function calls:
		_check_t_changes
		_t_set
 This function is called by:
		Interrupt level 1
 This function uses a non-reentrant model


 *************** function _t_set *****************
 Defined at:
		line 80 in file "Sensor.c"
 Parameters:    Size  Location     Type
  t_next          2    0[COMMON] unsigned int 
 Auto vars:     Size  Location     Type
		None
 Return value:  Size  Location     Type
                  1    wreg      void 
 Registers used:
		wreg, status,2, status,0
 Tracked objects:
		On entry : 
		On exit  : 
		Unchanged: 
 Data sizes:     COMMON   BANK0   BANK1   BANK3   BANK2
      Params:         2       0       0       0       0
      Locals:         0       0       0       0       0
      Temps:          0       0       0       0       0
      Totals:         2       0       0       0       0
Total ram usage:        2 bytes
 Hardware stack levels used:    1
 This function calls:
		Nothing
 This function is called by:
		_init_timer
 This function uses a non-reentrant model


 *************** function _check_t_changes *****************
 Defined at:
		line 58 in file "Sensor.c"
 Parameters:    Size  Location     Type
		None
 Auto vars:     Size  Location     Type
		None
 Return value:  Size  Location     Type
                  1    wreg      void 
 Registers used:
		wreg, status,2
 Tracked objects:
		On entry : 
		On exit  : 
		Unchanged: 
 Data sizes:     COMMON   BANK0   BANK1   BANK3   BANK2
      Params:         0       0       0       0       0
      Locals:         0       0       0       0       0
      Temps:          0       0       0       0       0
      Totals:         0       0       0       0       0
Total ram usage:        0 bytes
 Hardware stack levels used:    1
 This function calls:
		Nothing
 This function is called by:
		_init_timer
 This function uses a non-reentrant model



MODULE INFORMATION

Module		Function		Class		Link	Load	Size
Sensor.c
		_timer_value_set		CODE           	0158	0000	14
		_t_bolt_value  		CODE           	0087	0000	75
		_main          		CODE           	0101	0000	34
		_init_timer    		CODE           	00D1	0000	49
		_check_t_voltage		CODE           	0122	0000	25
		_check_t_changes		CODE           	0149	0000	16
		_t_set         		CODE           	013A	0000	16

Sensor.c estimated size: 229

shared
		__initialization		CODE           	0015	0000	20

shared estimated size: 20

/opt/microchip/xc8/v1.44/sources/common/awdiv.c
		___awdiv       		CODE           	002C	0000	92

/opt/microchip/xc8/v1.44/sources/common/awdiv.c estimated size: 92

